2026-10-03 08:20:50.906 appintentsmetadataprocessor[4576:17783] warning: Metadata extraction skipped. No AppIntents.framework dependency found.
2026-10-03 08:21:20.601 appintentsmetadataprocessor[4870:18627] warning: Metadata extraction skipped. No AppIntents.framework dependency found.
